Removed Pin From Net: NetName=DC1 Pin=U1-1
Removed Pin From Net: NetName=DC1 Pin=U1-1
Removed Pin From Net: NetName=RF1 Pin=U1-2
Removed Pin From Net: NetName=RF1 Pin=U1-2
Removed Pin From Net: NetName=RF1_P Pin=U1-3
Removed Pin From Net: NetName=RF1_P Pin=U1-3
Removed Pin From Net: NetName=RF1_N Pin=U1-4
Removed Pin From Net: NetName=RF1_N Pin=U1-4
Removed Pin From Net: NetName=RF2 Pin=U1-5
Removed Pin From Net: NetName=RF2 Pin=U1-5
Removed Pin From Net: NetName=NetC6_2 Pin=U1-6
Removed Pin From Net: NetName=NetC6_2 Pin=U1-6
Removed Pin From Net: NetName=NetC7_2 Pin=U1-7
Removed Pin From Net: NetName=NetC7_2 Pin=U1-7
Removed Pin From Net: NetName=NetC8_2 Pin=U1-8
Removed Pin From Net: NetName=NetC8_2 Pin=U1-8
Removed Pin From Net: NetName=NetC9_2 Pin=U1-9
Removed Pin From Net: NetName=NetC9_2 Pin=U1-9
Removed Pin From Net: NetName=NetC10_2 Pin=U1-10
Removed Pin From Net: NetName=NetC10_2 Pin=U1-10
Removed Pin From Net: NetName=NetC11_2 Pin=U1-11
Removed Pin From Net: NetName=NetC11_2 Pin=U1-11
Removed Pin From Net: NetName=NetC12_2 Pin=U1-12
Removed Pin From Net: NetName=NetC12_2 Pin=U1-12
Removed Pin From Net: NetName=DC9 Pin=U1-13
Removed Pin From Net: NetName=DC9 Pin=U1-13
Removed Pin From Net: NetName=RF3 Pin=U1-14
Removed Pin From Net: NetName=RF3 Pin=U1-14
Removed Pin From Net: NetName=RF2_N Pin=U1-15
Removed Pin From Net: NetName=RF2_N Pin=U1-15
Removed Pin From Net: NetName=RF2_P Pin=U1-16
Removed Pin From Net: NetName=RF2_P Pin=U1-16
Removed Pin From Net: NetName=RF4 Pin=U1-17
Removed Pin From Net: NetName=RF4 Pin=U1-17
Removed Pin From Net: NetName=NetC2_1 Pin=U1-18
Removed Pin From Net: NetName=NetC2_1 Pin=U1-18
Removed Pin From Net: NetName=NetC3_1 Pin=U1-19
Removed Pin From Net: NetName=NetC3_1 Pin=U1-19
Removed Pin From Net: NetName=NetC4_1 Pin=U1-20
Removed Pin From Net: NetName=NetC4_1 Pin=U1-20
Removed Pin From Net: NetName=NetC5_1 Pin=U1-21
Removed Pin From Net: NetName=NetC5_1 Pin=U1-21
Removed Pin From Net: NetName=NetC13_2 Pin=U1-22
Removed Pin From Net: NetName=NetC13_2 Pin=U1-22
Removed Pin From Net: NetName=NetC14_2 Pin=U1-23
Removed Pin From Net: NetName=NetC14_2 Pin=U1-23
Removed Pin From Net: NetName=NetC15_2 Pin=U1-24
Removed Pin From Net: NetName=NetC15_2 Pin=U1-24
Add Component: Footprint Not Found 2MM_8AC_16DC_
Add Pin To Net: Unknown Pin: Pin U1-1
Add Pin To Net: Unknown Pin: Pin U1-2
Add Pin To Net: Unknown Pin: Pin U1-3
Add Pin To Net: Unknown Pin: Pin U1-4
Add Pin To Net: Unknown Pin: Pin U1-5
Add Pin To Net: Unknown Pin: Pin U1-6
Add Pin To Net: Unknown Pin: Pin U1-7
Add Pin To Net: Unknown Pin: Pin U1-8
Add Pin To Net: Unknown Pin: Pin U1-9
Add Pin To Net: Unknown Pin: Pin U1-10
Add Pin To Net: Unknown Pin: Pin U1-11
Add Pin To Net: Unknown Pin: Pin U1-12
Add Pin To Net: Unknown Pin: Pin U1-13
Add Pin To Net: Unknown Pin: Pin U1-14
Add Pin To Net: Unknown Pin: Pin U1-15
Add Pin To Net: Unknown Pin: Pin U1-16
Add Pin To Net: Unknown Pin: Pin U1-17
Add Pin To Net: Unknown Pin: Pin U1-18
Add Pin To Net: Unknown Pin: Pin U1-19
Add Pin To Net: Unknown Pin: Pin U1-20
Add Pin To Net: Unknown Pin: Pin U1-21
Add Pin To Net: Unknown Pin: Pin U1-22
Add Pin To Net: Unknown Pin: Pin U1-23
Add Pin To Net: Unknown Pin: Pin U1-24
