Removed Pin From Net: NetName=RF1 Pin=-1
Removed Pin From Net: NetName=RF1 Pin=-1
Removed Pin From Net: NetName=GND Pin=-2
Removed Pin From Net: NetName=GND Pin=-2
Removed Pin From Net: NetName=RF1_P Pin=-3
Removed Pin From Net: NetName=RF1_P Pin=-3
Removed Pin From Net: NetName=RF1_N Pin=-4
Removed Pin From Net: NetName=RF1_N Pin=-4
Removed Pin From Net: NetName=GND Pin=-5
Removed Pin From Net: NetName=GND Pin=-5
Removed Pin From Net: NetName=RF2 Pin=-6
Removed Pin From Net: NetName=RF2 Pin=-6
Removed Pin From Net: NetName=NetC7_2 Pin=-7
Removed Pin From Net: NetName=NetC7_2 Pin=-7
Removed Pin From Net: NetName=NetC8_2 Pin=-8
Removed Pin From Net: NetName=NetC8_2 Pin=-8
Removed Pin From Net: NetName=NetC9_2 Pin=-9
Removed Pin From Net: NetName=NetC9_2 Pin=-9
Removed Pin From Net: NetName=NetC10_2 Pin=-10
Removed Pin From Net: NetName=NetC10_2 Pin=-10
Removed Pin From Net: NetName=NetC11_2 Pin=-11
Removed Pin From Net: NetName=NetC11_2 Pin=-11
Removed Pin From Net: NetName=NetC12_2 Pin=-12
Removed Pin From Net: NetName=NetC12_2 Pin=-12
Removed Pin From Net: NetName=RF3 Pin=-13
Removed Pin From Net: NetName=RF3 Pin=-13
Removed Pin From Net: NetName=GND Pin=-14
Removed Pin From Net: NetName=GND Pin=-14
Removed Pin From Net: NetName=RF2_N Pin=-15
Removed Pin From Net: NetName=RF2_N Pin=-15
Removed Pin From Net: NetName=RF2_P Pin=-16
Removed Pin From Net: NetName=RF2_P Pin=-16
Removed Pin From Net: NetName=GND Pin=-17
Removed Pin From Net: NetName=GND Pin=-17
Removed Pin From Net: NetName=RF4 Pin=-18
Removed Pin From Net: NetName=RF4 Pin=-18
Removed Pin From Net: NetName=NetC3_1 Pin=-19
Removed Pin From Net: NetName=NetC3_1 Pin=-19
Removed Pin From Net: NetName=NetC4_1 Pin=-20
Removed Pin From Net: NetName=NetC4_1 Pin=-20
Removed Pin From Net: NetName=NetC5_1 Pin=-21
Removed Pin From Net: NetName=NetC5_1 Pin=-21
Removed Pin From Net: NetName=NetC13_2 Pin=-22
Removed Pin From Net: NetName=NetC13_2 Pin=-22
Removed Pin From Net: NetName=NetC14_2 Pin=-23
Removed Pin From Net: NetName=NetC14_2 Pin=-23
Removed Pin From Net: NetName=NetC15_2 Pin=-24
Removed Pin From Net: NetName=NetC15_2 Pin=-24
Change Component Designator: OldDesignator=RX NewDesignator=S2
Change Component Designator: OldDesignator=RX NewDesignator=S6
Change Component Designator: OldDesignator=RX NewDesignator=S12
Change Component Designator: OldDesignator=RX NewDesignator=S13
Change Component Designator: OldDesignator=TX NewDesignator=S3
Change Component Designator: OldDesignator=TX NewDesignator=S7
Change Component Designator: OldDesignator=TX NewDesignator=S11
Change Component Designator: OldDesignator=TX NewDesignator=S14
Added Component: Designator=U1(2MM_8AC_16DC)
Added Pin To Net: NetName=RF1 Pin=U1-1
Added Pin To Net: NetName=RF1 Pin=U1-1
Added Pin To Net: NetName=GND Pin=U1-2
Added Pin To Net: NetName=GND Pin=U1-2
Added Pin To Net: NetName=RF1_P Pin=U1-3
Added Pin To Net: NetName=RF1_P Pin=U1-3
Added Pin To Net: NetName=RF1_N Pin=U1-4
Added Pin To Net: NetName=RF1_N Pin=U1-4
Added Pin To Net: NetName=GND Pin=U1-5
Added Pin To Net: NetName=GND Pin=U1-5
Added Pin To Net: NetName=RF2 Pin=U1-6
Added Pin To Net: NetName=RF2 Pin=U1-6
Added Pin To Net: NetName=NetC7_2 Pin=U1-7
Added Pin To Net: NetName=NetC7_2 Pin=U1-7
Added Pin To Net: NetName=NetC8_2 Pin=U1-8
Added Pin To Net: NetName=NetC8_2 Pin=U1-8
Added Pin To Net: NetName=NetC9_2 Pin=U1-9
Added Pin To Net: NetName=NetC9_2 Pin=U1-9
Added Pin To Net: NetName=NetC10_2 Pin=U1-10
Added Pin To Net: NetName=NetC10_2 Pin=U1-10
Added Pin To Net: NetName=NetC11_2 Pin=U1-11
Added Pin To Net: NetName=NetC11_2 Pin=U1-11
Added Pin To Net: NetName=NetC12_2 Pin=U1-12
Added Pin To Net: NetName=NetC12_2 Pin=U1-12
Added Pin To Net: NetName=RF3 Pin=U1-13
Added Pin To Net: NetName=RF3 Pin=U1-13
Added Pin To Net: NetName=GND Pin=U1-14
Added Pin To Net: NetName=GND Pin=U1-14
Added Pin To Net: NetName=RF2_N Pin=U1-15
Added Pin To Net: NetName=RF2_N Pin=U1-15
Added Pin To Net: NetName=RF2_P Pin=U1-16
Added Pin To Net: NetName=RF2_P Pin=U1-16
Added Pin To Net: NetName=GND Pin=U1-17
Added Pin To Net: NetName=GND Pin=U1-17
Added Pin To Net: NetName=RF4 Pin=U1-18
Added Pin To Net: NetName=RF4 Pin=U1-18
Added Pin To Net: NetName=NetC3_1 Pin=U1-19
Added Pin To Net: NetName=NetC3_1 Pin=U1-19
Added Pin To Net: NetName=NetC4_1 Pin=U1-20
Added Pin To Net: NetName=NetC4_1 Pin=U1-20
Added Pin To Net: NetName=NetC5_1 Pin=U1-21
Added Pin To Net: NetName=NetC5_1 Pin=U1-21
Added Pin To Net: NetName=NetC13_2 Pin=U1-22
Added Pin To Net: NetName=NetC13_2 Pin=U1-22
Added Pin To Net: NetName=NetC14_2 Pin=U1-23
Added Pin To Net: NetName=NetC14_2 Pin=U1-23
Added Pin To Net: NetName=NetC15_2 Pin=U1-24
Added Pin To Net: NetName=NetC15_2 Pin=U1-24
Added Pin To Net: NetName=GND Pin=U1-25
Added Member To Class: ClassName=sheet1 Member=Component S2 BWSMA
Added Member To Class: ClassName=sheet1 Member=Component S3 BWSMA
Added Member To Class: ClassName=sheet1 Member=Component S6 BWSMA
Added Member To Class: ClassName=sheet1 Member=Component S7 BWSMA
Added Member To Class: ClassName=sheet1 Member=Component S11 BWSMA
Added Member To Class: ClassName=sheet1 Member=Component S12 BWSMA
Added Member To Class: ClassName=sheet1 Member=Component S13 BWSMA
Added Member To Class: ClassName=sheet1 Member=Component S14 BWSMA
Added Member To Class: ClassName=sheet1 Member=Component U1 2mm_24p
