Removed Member From Class: ClassName=sheet1 Member=H1
Removed Member From Class: ClassName=sheet1 Member=H2
Add Component: Footprint Not Found HDR-TH_12P-P2.54-V-M-R2-C6-S2.54_77313-101-12LF
Add Component: Footprint Not Found HDR-TH_12P-P2.54-V-M-R2-C6-S2.54_77313-101-12LF
Added Pin To Net: NetName=DC3 Pin=C7-2
Added Pin To Net: NetName=DC3 Pin=U1-7
Added Pin To Net: NetName=DC3 Pin=U1-7
Added Net: Name=DC3
Added Pin To Net: NetName=DC4 Pin=C8-2
Added Pin To Net: NetName=DC4 Pin=U1-8
Added Pin To Net: NetName=DC4 Pin=U1-8
Added Net: Name=DC4
Added Pin To Net: NetName=DC5 Pin=C9-2
Added Pin To Net: NetName=DC5 Pin=U1-9
Added Pin To Net: NetName=DC5 Pin=U1-9
Added Net: Name=DC5
Added Pin To Net: NetName=DC6 Pin=C10-2
Added Pin To Net: NetName=DC6 Pin=U1-10
Added Pin To Net: NetName=DC6 Pin=U1-10
Added Net: Name=DC6
Added Pin To Net: NetName=DC7 Pin=C11-2
Added Pin To Net: NetName=DC7 Pin=U1-11
Added Pin To Net: NetName=DC7 Pin=U1-11
Added Net: Name=DC7
Added Pin To Net: NetName=DC8 Pin=C12-2
Added Pin To Net: NetName=DC8 Pin=U1-12
Added Pin To Net: NetName=DC8 Pin=U1-12
Added Net: Name=DC8
Added Pin To Net: NetName=DC11 Pin=C3-1
Added Pin To Net: NetName=DC11 Pin=U1-19
Added Pin To Net: NetName=DC11 Pin=U1-19
Added Net: Name=DC11
Added Pin To Net: NetName=DC12 Pin=C4-1
Added Pin To Net: NetName=DC12 Pin=U1-20
Added Pin To Net: NetName=DC12 Pin=U1-20
Added Net: Name=DC12
Added Pin To Net: NetName=DC13 Pin=C5-1
Added Pin To Net: NetName=DC13 Pin=U1-21
Added Pin To Net: NetName=DC13 Pin=U1-21
Added Net: Name=DC13
Added Pin To Net: NetName=DC14 Pin=C13-2
Added Pin To Net: NetName=DC14 Pin=U1-22
Added Pin To Net: NetName=DC14 Pin=U1-22
Added Net: Name=DC14
Added Pin To Net: NetName=DC15 Pin=C14-2
Added Pin To Net: NetName=DC15 Pin=U1-23
Added Pin To Net: NetName=DC15 Pin=U1-23
Added Net: Name=DC15
Added Pin To Net: NetName=DC16 Pin=C15-2
Added Pin To Net: NetName=DC16 Pin=U1-24
Added Pin To Net: NetName=DC16 Pin=U1-24
Added Net: Name=DC16
Added Class: Name=HX PZ2.54-2X6P ZZ1_HX PZ2.54-2X6P ZZ
Add Class Member: Failed to add class member : Component U2 HX PZ2.54-2x6P ZZ
