Added Component: Designator=U1(2MM_8AC_16DC)
Added Pin To Net: NetName=RF1 Pin=U1-1
Added Pin To Net: NetName=RF1 Pin=U1-1
Added Pin To Net: NetName=GND Pin=U1-2
Added Pin To Net: NetName=GND Pin=U1-2
Added Pin To Net: NetName=RF1_P Pin=U1-3
Added Pin To Net: NetName=RF1_P Pin=U1-3
Added Pin To Net: NetName=RF1_N Pin=U1-4
Added Pin To Net: NetName=RF1_N Pin=U1-4
Added Pin To Net: NetName=GND Pin=U1-5
Added Pin To Net: NetName=GND Pin=U1-5
Added Pin To Net: NetName=RF2 Pin=U1-6
Added Pin To Net: NetName=RF2 Pin=U1-6
Added Pin To Net: NetName=NetC7_2 Pin=U1-7
Added Pin To Net: NetName=NetC7_2 Pin=U1-7
Added Pin To Net: NetName=NetC8_2 Pin=U1-8
Added Pin To Net: NetName=NetC8_2 Pin=U1-8
Added Pin To Net: NetName=NetC9_2 Pin=U1-9
Added Pin To Net: NetName=NetC9_2 Pin=U1-9
Added Pin To Net: NetName=NetC10_2 Pin=U1-10
Added Pin To Net: NetName=NetC10_2 Pin=U1-10
Added Pin To Net: NetName=NetC11_2 Pin=U1-11
Added Pin To Net: NetName=NetC11_2 Pin=U1-11
Added Pin To Net: NetName=NetC12_2 Pin=U1-12
Added Pin To Net: NetName=NetC12_2 Pin=U1-12
Added Pin To Net: NetName=RF3 Pin=U1-13
Added Pin To Net: NetName=RF3 Pin=U1-13
Added Pin To Net: NetName=GND Pin=U1-14
Added Pin To Net: NetName=GND Pin=U1-14
Added Pin To Net: NetName=RF2_N Pin=U1-15
Added Pin To Net: NetName=RF2_N Pin=U1-15
Added Pin To Net: NetName=RF2_P Pin=U1-16
Added Pin To Net: NetName=RF2_P Pin=U1-16
Added Pin To Net: NetName=GND Pin=U1-17
Added Pin To Net: NetName=GND Pin=U1-17
Added Pin To Net: NetName=RF4 Pin=U1-18
Added Pin To Net: NetName=RF4 Pin=U1-18
Added Pin To Net: NetName=NetC3_1 Pin=U1-19
Added Pin To Net: NetName=NetC3_1 Pin=U1-19
Added Pin To Net: NetName=NetC4_1 Pin=U1-20
Added Pin To Net: NetName=NetC4_1 Pin=U1-20
Added Pin To Net: NetName=NetC5_1 Pin=U1-21
Added Pin To Net: NetName=NetC5_1 Pin=U1-21
Added Pin To Net: NetName=NetC13_2 Pin=U1-22
Added Pin To Net: NetName=NetC13_2 Pin=U1-22
Added Pin To Net: NetName=NetC14_2 Pin=U1-23
Added Pin To Net: NetName=NetC14_2 Pin=U1-23
Added Pin To Net: NetName=NetC15_2 Pin=U1-24
Added Pin To Net: NetName=NetC15_2 Pin=U1-24
Added Member To Class: ClassName=sheet1 Member=Component U1 2mm_24p
