Removed Pin From Net: NetName=DC1 Pin=-1
Removed Pin From Net: NetName=DC1 Pin=-1
Removed Pin From Net: NetName=DC9 Pin=-13
Removed Pin From Net: NetName=DC9 Pin=-13
Removed Pin From Net: NetName=DC1 Pin=C1-1
Removed Pin From Net: NetName=GND Pin=C1-2
Removed Pin From Net: NetName=GND Pin=C2-2
Removed Pin From Net: NetName=GND Pin=C6-1
Removed Pin From Net: NetName=DC9 Pin=C16-1
Removed Pin From Net: NetName=GND Pin=C16-2
Removed Member From Class: ClassName=sheet1 Member=C1
Removed Member From Class: ClassName=sheet1 Member=C2
Removed Member From Class: ClassName=sheet1 Member=C6
Removed Member From Class: ClassName=sheet1 Member=C16
Change Component Designator: OldDesignator= NewDesignator=U1
Change Component Designator: OldDesignator=RX NewDesignator=S2
Change Component Designator: OldDesignator=RX NewDesignator=S6
Change Component Designator: OldDesignator=RX NewDesignator=S11
Change Component Designator: OldDesignator=RX NewDesignator=S14
Change Component Designator: OldDesignator=TX NewDesignator=S3
Change Component Designator: OldDesignator=TX NewDesignator=S7
Change Component Designator: OldDesignator=TX NewDesignator=S12
Change Component Designator: OldDesignator=TX NewDesignator=S13
Added Pin To Net: NetName=GND Pin=H2-1
Added Pin To Net: NetName=GND Pin=U1-1
Added Pin To Net: NetName=GND Pin=U1-1
Added Pin To Net: NetName=GND Pin=U1-6
Added Pin To Net: NetName=GND Pin=U1-6
Added Pin To Net: NetName=GND Pin=U1-13
Added Pin To Net: NetName=GND Pin=U1-13
Added Pin To Net: NetName=GND Pin=U1-18
Added Pin To Net: NetName=GND Pin=U1-18
Added Member To Class: ClassName=sheet1 Member=Component S2 BWSMA
Added Member To Class: ClassName=sheet1 Member=Component S3 BWSMA
Added Member To Class: ClassName=sheet1 Member=Component S6 BWSMA
Added Member To Class: ClassName=sheet1 Member=Component S7 BWSMA
Added Member To Class: ClassName=sheet1 Member=Component S11 BWSMA
Added Member To Class: ClassName=sheet1 Member=Component S12 BWSMA
Added Member To Class: ClassName=sheet1 Member=Component S13 BWSMA
Added Member To Class: ClassName=sheet1 Member=Component S14 BWSMA
Added Member To Class: ClassName=sheet1 Member=Component U1 2mm_24p
