Removed Pin From Net: NetName=RF1 Pin=U1-1
Removed Pin From Net: NetName=RF1 Pin=U1-1
Removed Pin From Net: NetName=GND Pin=U1-2
Removed Pin From Net: NetName=GND Pin=U1-2
Removed Pin From Net: NetName=RF1_P Pin=U1-3
Removed Pin From Net: NetName=RF1_P Pin=U1-3
Removed Pin From Net: NetName=RF1_N Pin=U1-4
Removed Pin From Net: NetName=RF1_N Pin=U1-4
Removed Pin From Net: NetName=GND Pin=U1-5
Removed Pin From Net: NetName=GND Pin=U1-5
Removed Pin From Net: NetName=RF2 Pin=U1-6
Removed Pin From Net: NetName=RF2 Pin=U1-6
Removed Pin From Net: NetName=NetC7_2 Pin=U1-7
Removed Pin From Net: NetName=NetC7_2 Pin=U1-7
Removed Pin From Net: NetName=NetC8_2 Pin=U1-8
Removed Pin From Net: NetName=NetC8_2 Pin=U1-8
Removed Pin From Net: NetName=NetC9_2 Pin=U1-9
Removed Pin From Net: NetName=NetC9_2 Pin=U1-9
Removed Pin From Net: NetName=NetC10_2 Pin=U1-10
Removed Pin From Net: NetName=NetC10_2 Pin=U1-10
Removed Pin From Net: NetName=NetC11_2 Pin=U1-11
Removed Pin From Net: NetName=NetC11_2 Pin=U1-11
Removed Pin From Net: NetName=NetC12_2 Pin=U1-12
Removed Pin From Net: NetName=NetC12_2 Pin=U1-12
Removed Pin From Net: NetName=RF3 Pin=U1-13
Removed Pin From Net: NetName=RF3 Pin=U1-13
Removed Pin From Net: NetName=GND Pin=U1-14
Removed Pin From Net: NetName=GND Pin=U1-14
Removed Pin From Net: NetName=RF2_N Pin=U1-15
Removed Pin From Net: NetName=RF2_N Pin=U1-15
Removed Pin From Net: NetName=RF2_P Pin=U1-16
Removed Pin From Net: NetName=RF2_P Pin=U1-16
Removed Pin From Net: NetName=GND Pin=U1-17
Removed Pin From Net: NetName=GND Pin=U1-17
Removed Pin From Net: NetName=RF4 Pin=U1-18
Removed Pin From Net: NetName=RF4 Pin=U1-18
Removed Pin From Net: NetName=NetC3_1 Pin=U1-19
Removed Pin From Net: NetName=NetC3_1 Pin=U1-19
Removed Pin From Net: NetName=NetC4_1 Pin=U1-20
Removed Pin From Net: NetName=NetC4_1 Pin=U1-20
Removed Pin From Net: NetName=NetC5_1 Pin=U1-21
Removed Pin From Net: NetName=NetC5_1 Pin=U1-21
Removed Pin From Net: NetName=NetC13_2 Pin=U1-22
Removed Pin From Net: NetName=NetC13_2 Pin=U1-22
Removed Pin From Net: NetName=NetC14_2 Pin=U1-23
Removed Pin From Net: NetName=NetC14_2 Pin=U1-23
Removed Pin From Net: NetName=NetC15_2 Pin=U1-24
Removed Pin From Net: NetName=NetC15_2 Pin=U1-24
Removed Member From Class: ClassName=sheet1 Member=U1
Add Pin To Net: Unknown Pin: Pin U?-1
Add Pin To Net: Unknown Pin: Pin U?-2
Add Pin To Net: Unknown Pin: Pin U?-3
Add Pin To Net: Unknown Pin: Pin U?-4
Add Pin To Net: Unknown Pin: Pin U?-5
Add Pin To Net: Unknown Pin: Pin U?-6
Add Pin To Net: Unknown Pin: Pin U?-7
Add Pin To Net: Unknown Pin: Pin U?-8
Add Pin To Net: Unknown Pin: Pin U?-9
Add Pin To Net: Unknown Pin: Pin U?-10
Add Pin To Net: Unknown Pin: Pin U?-11
Add Pin To Net: Unknown Pin: Pin U?-12
Add Pin To Net: Unknown Pin: Pin U?-13
Add Pin To Net: Unknown Pin: Pin U?-14
Add Pin To Net: Unknown Pin: Pin U?-15
Add Pin To Net: Unknown Pin: Pin U?-16
Add Pin To Net: Unknown Pin: Pin U?-17
Add Pin To Net: Unknown Pin: Pin U?-18
Add Pin To Net: Unknown Pin: Pin U?-19
Add Pin To Net: Unknown Pin: Pin U?-20
Add Pin To Net: Unknown Pin: Pin U?-21
Add Pin To Net: Unknown Pin: Pin U?-22
Add Pin To Net: Unknown Pin: Pin U?-23
Add Pin To Net: Unknown Pin: Pin U?-24
Add Class Member: Failed to add class member : Component U? 2mm_24p
